game-v2/app.css 80ms
game-v2/arena-layout.mjs 36ms (unchanged)
game-v2/battle-arena.js 33ms (unchanged)
game-v2/card-labels.mjs 2ms (unchanged)
game-v2/document.html 19ms (unchanged)
game-v2/engine.mjs 47ms
game-v2/game-clock.mjs 4ms (unchanged)
game-v2/game-theme.css 64ms (unchanged)
game-v2/gameplay.css 62ms (unchanged)
game-v2/inactivity.js 4ms (unchanged)
game-v2/index.html 43ms
game-v2/lesson-cards.mjs 4ms (unchanged)
game-v2/modes.css 39ms (unchanged)
game-v2/modes/battle.js 17ms (unchanged)
game-v2/modes/bonus-rewards.mjs 1ms (unchanged)
game-v2/modes/bonus.js 6ms (unchanged)
game-v2/modes/matching.js 7ms (unchanged)
game-v2/modes/memory-state.mjs 6ms (unchanged)
game-v2/modes/memory.js 10ms (unchanged)
game-v2/modes/order.js 8ms (unchanged)
game-v2/modes/self-test.js 3ms (unchanged)
game-v2/pair-drag.js 4ms (unchanged)
game-v2/pause-game.js 2ms (unchanged)
game-v2/score-counter.mjs 2ms (unchanged)
game-v2/screens/bonus.html 3ms (unchanged)
game-v2/screens/card-reward.html 3ms (unchanged)
game-v2/screens/home.html 2ms (unchanged)
game-v2/screens/match.html 1ms (unchanged)
game-v2/screens/memory.html 2ms (unchanged)
game-v2/screens/order.html 2ms (unchanged)
game-v2/screens/restart.html 2ms (unchanged)
game-v2/screens/sentence-reward.html 2ms (unchanged)
game-v2/screens/set-reward.html 2ms (unchanged)
game-v2/screens/sets.html 1ms (unchanged)
game-v2/screens/settings.html 1ms (unchanged)
game-v2/shared.css 37ms (unchanged)
game-v2/shared.js 41ms
game-v2/speech.js 10ms (unchanged)
game-v2/sprites.css 2ms (unchanged)
game-v2/systems/economy.mjs 2ms (unchanged)
game-v2/systems/translations.mjs 2ms (unchanged)
game-v2/tests/arena-layout.test.mjs 2ms (unchanged)
game-v2/tests/bonus-rewards.test.mjs 1ms (unchanged)
game-v2/tests/card-labels.test.mjs 2ms (unchanged)
game-v2/tests/debug-sets-browser.cjs 6ms (unchanged)
game-v2/tests/engine.test.mjs 6ms (unchanged)
game-v2/tests/game-clock.test.mjs 3ms (unchanged)
game-v2/tests/interface-text.test.mjs 3ms (unchanged)
game-v2/tests/matching-browser.cjs 8ms (unchanged)
game-v2/tests/memory-animation-browser.cjs 8ms (unchanged)
game-v2/tests/progression.test.mjs 9ms (unchanged)
game-v2/tests/score-counter.test.mjs 3ms (unchanged)
game-v2/tests/self-test.test.mjs 7ms
game-v2/tests/set-games-browser.cjs 7ms
game-v2/tests/sets-pause-browser.cjs 5ms (unchanged)
game-v2/tests/sound-modes-browser.cjs 7ms (unchanged)
game-v2/tests/spa-browser.cjs 9ms (unchanged)
game-v2/tests/speech.test.mjs 23ms (unchanged)
game-v2/tests/target-speech.test.mjs 3ms
game-v2/tests/translations-browser.cjs 8ms (unchanged)
game-v2/tests/translations.test.mjs 2ms (unchanged)
game-v2/tests/v2-browser.cjs 7ms (unchanged)
game-v2/ui/button-labels.js 2ms (unchanged)
game-v2/ui/help-text.js 3ms (unchanged)
game-v2/ui/interface-text.js 3ms (unchanged)
game-v2/ui/templates.js 9ms (unchanged)
game-v2/viewport.js 2ms (unchanged)
